[16:57:59] INFO: Run directory: D:\ares_paper\iomt_ids_project_autoencoder_improved\ares_autoencoder_improved_iomt_ids\results\autoencoder_multiseed\camera_ready_v1_windows_cpu
[16:57:59] INFO: Seeds: [40, 41, 42, 43, 44] | split_seed=42 | device=cpu | reference_seed=42
[16:57:59] INFO: Spawning worker for seed 40
[17:01:44] INFO: Spawning worker for seed 41
[17:05:01] INFO: Spawning worker for seed 42
[17:08:35] INFO: Spawning worker for seed 43
[17:11:30] INFO: Spawning worker for seed 44
[17:14:23] INFO: Aggregation complete: D:\ares_paper\iomt_ids_project_autoencoder_improved\ares_autoencoder_improved_iomt_ids\results\autoencoder_multiseed\camera_ready_v1_windows_cpu\aggregate
[17:14:23] INFO: Generated artefact tree under: D:\ares_paper\iomt_ids_project_autoencoder_improved\ares_autoencoder_improved_iomt_ids\results\autoencoder_multiseed\camera_ready_v1_windows_cpu
[17:14:23] INFO: camera_ready_v1_windows_cpu/
[17:14:23] INFO:   orchestrator.log
[17:14:23] INFO:   aggregate/
[17:14:23] INFO:     aggregate_class_recall_raw.csv
[17:14:23] INFO:     aggregate_phase_recall_raw.csv
[17:14:23] INFO:     environment_consistency_report.json
[17:14:23] INFO:     multiseed_class_recall_raw.csv
[17:14:23] INFO:     multiseed_inference_timing_allreps_raw.csv
[17:14:23] INFO:     multiseed_inference_timing_article_formatted.csv
[17:14:23] INFO:     multiseed_inference_timing_raw.csv
[17:14:23] INFO:     multiseed_metrics_article_formatted.csv
[17:14:23] INFO:     multiseed_metrics_raw.csv
[17:14:23] INFO:     multiseed_phase_recall_article_formatted.csv
[17:14:23] INFO:     multiseed_phase_recall_raw.csv
[17:14:23] INFO:     multiseed_threshold_sensitivity_article_formatted.csv
[17:14:23] INFO:     multiseed_threshold_sensitivity_raw.csv
[17:14:23] INFO:     multiseed_training_time_article_formatted.csv
[17:14:23] INFO:     multiseed_training_time_raw.csv
[17:14:23] INFO:     per_seed_class_recall_raw.csv
[17:14:23] INFO:     per_seed_phase_recall_raw.csv
[17:14:23] INFO:     run_manifest.json
[17:14:23] INFO:     table_autoencoder_main.tex
[17:14:23] INFO:     table_autoencoder_operational.tex
[17:14:23] INFO:     table_autoencoder_phase_recall.tex
[17:14:23] INFO:     table_autoencoder_thresholds.tex
[17:14:23] INFO:   seed_40/
[17:14:23] INFO:     class_recall_raw.csv
[17:14:23] INFO:     metadata.json
[17:14:23] INFO:     metrics_p85_raw.csv
[17:14:23] INFO:     metrics_p85_raw.json
[17:14:23] INFO:     model.keras
[17:14:23] INFO:     phase_recall_raw.csv
[17:14:23] INFO:     predictions_p85.npy
[17:14:23] INFO:     run.log
[17:14:23] INFO:     test_errors.npy
[17:14:23] INFO:     threshold_sensitivity_raw.csv
[17:14:23] INFO:     timing_raw.csv
[17:14:23] INFO:     timing_summary.json
[17:14:23] INFO:     training_history.csv
[17:14:23] INFO:     validation_errors.npy
[17:14:23] INFO:   seed_41/
[17:14:23] INFO:     class_recall_raw.csv
[17:14:23] INFO:     metadata.json
[17:14:23] INFO:     metrics_p85_raw.csv
[17:14:23] INFO:     metrics_p85_raw.json
[17:14:23] INFO:     model.keras
[17:14:23] INFO:     phase_recall_raw.csv
[17:14:23] INFO:     predictions_p85.npy
[17:14:23] INFO:     run.log
[17:14:23] INFO:     test_errors.npy
[17:14:23] INFO:     threshold_sensitivity_raw.csv
[17:14:23] INFO:     timing_raw.csv
[17:14:23] INFO:     timing_summary.json
[17:14:23] INFO:     training_history.csv
[17:14:23] INFO:     validation_errors.npy
[17:14:23] INFO:   seed_42/
[17:14:23] INFO:     class_recall_raw.csv
[17:14:23] INFO:     metadata.json
[17:14:23] INFO:     metrics_p85_raw.csv
[17:14:23] INFO:     metrics_p85_raw.json
[17:14:23] INFO:     model.keras
[17:14:23] INFO:     phase_recall_raw.csv
[17:14:23] INFO:     predictions_p85.npy
[17:14:23] INFO:     run.log
[17:14:23] INFO:     test_errors.npy
[17:14:23] INFO:     threshold_sensitivity_raw.csv
[17:14:23] INFO:     timing_raw.csv
[17:14:23] INFO:     timing_summary.json
[17:14:23] INFO:     training_history.csv
[17:14:23] INFO:     validation_errors.npy
[17:14:23] INFO:   seed_43/
[17:14:23] INFO:     class_recall_raw.csv
[17:14:23] INFO:     metadata.json
[17:14:23] INFO:     metrics_p85_raw.csv
[17:14:23] INFO:     metrics_p85_raw.json
[17:14:23] INFO:     model.keras
[17:14:23] INFO:     phase_recall_raw.csv
[17:14:23] INFO:     predictions_p85.npy
[17:14:23] INFO:     run.log
[17:14:23] INFO:     test_errors.npy
[17:14:23] INFO:     threshold_sensitivity_raw.csv
[17:14:23] INFO:     timing_raw.csv
[17:14:23] INFO:     timing_summary.json
[17:14:23] INFO:     training_history.csv
[17:14:23] INFO:     validation_errors.npy
[17:14:23] INFO:   seed_44/
[17:14:23] INFO:     class_recall_raw.csv
[17:14:23] INFO:     metadata.json
[17:14:23] INFO:     metrics_p85_raw.csv
[17:14:23] INFO:     metrics_p85_raw.json
[17:14:23] INFO:     model.keras
[17:14:23] INFO:     phase_recall_raw.csv
[17:14:23] INFO:     predictions_p85.npy
[17:14:23] INFO:     run.log
[17:14:23] INFO:     test_errors.npy
[17:14:23] INFO:     threshold_sensitivity_raw.csv
[17:14:23] INFO:     timing_raw.csv
[17:14:23] INFO:     timing_summary.json
[17:14:23] INFO:     training_history.csv
[17:14:23] INFO:     validation_errors.npy
